== FORENSIC ONLY. These counts are NOT the episode's numbers. ==

-- LOCK=redis, lease 1000ms, one unit of stock on sku 1
-- worker-b acquires, then is frozen mid-dispatch
 Container episode-4-locks-worker-b-1 Paused 
-- frozen. waiting out the lease.
-- the lock it thinks it holds, as redis sees it now:

-- worker A now takes that lock and sells the same unit:
{"status":"confirmed","code":"","detail":""}
-- unfreezing worker-b. It has no idea any time passed.
 Container episode-4-locks-worker-b-1 Unpaused 
-- worker-b's own result: {"status":"confirmed","code":"","detail":""}
-- the shelf, and the row's fence token:
1 0 74
-- parcels dispatched across both workers:
   :8000 dispatched=1 lease_expired=1 fenced_out=0
   :8001 dispatched=1 lease_expired=1 fenced_out=0

== the same freeze, with fencing on ==
-- LOCK=fenced, lease 1000ms, one unit of stock on sku 1
-- worker-b acquires, then is frozen mid-dispatch
 Container episode-4-locks-worker-b-1 Paused 
-- frozen. waiting out the lease.
-- the lock it thinks it holds, as redis sees it now:

-- worker A now takes that lock and sells the same unit:
{"status":"confirmed","code":"","detail":""}
-- unfreezing worker-b. It has no idea any time passed.
 Container episode-4-locks-worker-b-1 Unpaused 
-- worker-b's own result: curl: (22) The requested URL returned error: 409
-- the shelf, and the row's fence token:
1 0 114
-- parcels dispatched across both workers:
   :8000 dispatched=1 lease_expired=1 fenced_out=0
   :8001 dispatched=1 lease_expired=1 fenced_out=1
