 Image episode-1-lost-update-app Building 
 Image episode-1-lost-update-pricing Building 
#1 [internal] load local bake definitions
#1 reading from stdin 1.19kB done
#1 DONE 0.0s

#2 [app internal] load build definition from Dockerfile
#2 transferring dockerfile: 277B done
#2 DONE 0.0s

#3 [pricing internal] load build definition from Dockerfile
#3 transferring dockerfile: 273B done
#3 DONE 0.0s

#4 [pricing internal] load metadata for docker.io/library/python:3.12-slim
#4 DONE 1.1s

#5 [pricing internal] load .dockerignore
#5 transferring context: 2B done
#5 DONE 0.0s

#6 [app internal] load .dockerignore
#6 transferring context: 2B done
#6 DONE 0.0s

#7 [pricing 1/5] FROM docker.io/library/python:3.12-slim@sha256:78387bc3881b8273120a12ebe6c1ab22b018ccc2c9adf565ae1ac9b536e184ea
#7 resolve docker.io/library/python:3.12-slim@sha256:78387bc3881b8273120a12ebe6c1ab22b018ccc2c9adf565ae1ac9b536e184ea done
#7 DONE 0.0s

#8 [pricing internal] load build context
#8 transferring context: 64B done
#8 DONE 0.0s

#9 [app internal] load build context
#9 transferring context: 156B done
#9 DONE 0.0s

#10 [pricing 3/5] COPY requirements.txt .
#10 CACHED

#11 [pricing 4/5] RUN pip install --no-cache-dir -r requirements.txt
#11 CACHED

#12 [pricing 5/5] COPY main.py .
#12 CACHED

#13 [app 2/5] WORKDIR /srv
#13 CACHED

#14 [app 3/5] COPY requirements.txt .
#14 CACHED

#15 [app 4/5] RUN pip install --no-cache-dir -r requirements.txt
#15 CACHED

#16 [app 5/5] COPY app ./app
#16 CACHED

#17 [pricing] exporting to image
#17 exporting layers done
#17 writing image sha256:5ee1e186f88c4670ad8fcaf1034133641ec6bc285028ed20952731f46ca42b94 done
#17 naming to docker.io/library/episode-1-lost-update-pricing done
#17 DONE 0.0s

#18 [app] exporting to image
#18 exporting layers done
#18 writing image sha256:6dfb959209460edfecfe71c0c404437fe60d3d5756afb7d51676e9b0db0286c3 done
#18 naming to docker.io/library/episode-1-lost-update-app done
#18 DONE 0.0s

#19 [pricing] resolving provenance for metadata file
#19 DONE 0.0s

#20 [app] resolving provenance for metadata file
#20 DONE 0.0s
 Image episode-1-lost-update-pricing Built 
 Image episode-1-lost-update-app Built 
 Network episode-1-lost-update_default Creating 
 Network episode-1-lost-update_default Created 
 Volume episode-1-lost-update_pgdata Creating 
 Volume episode-1-lost-update_pgdata Created 
 Container episode-1-lost-update-postgres-1 Creating 
 Container episode-1-lost-update-postgres-1 Created 
 Container episode-1-lost-update-pricing-1 Creating 
 Container episode-1-lost-update-pricing-1 Created 
 Container episode-1-lost-update-app-1 Creating 
 Container episode-1-lost-update-app-1 Created 
 Container episode-1-lost-update-postgres-1 Starting 
 Container episode-1-lost-update-postgres-1 Started 
 Container episode-1-lost-update-postgres-1 Waiting 
 Container episode-1-lost-update-postgres-1 Healthy 
 Container episode-1-lost-update-pricing-1 Starting 
 Container episode-1-lost-update-pricing-1 Started 
 Container episode-1-lost-update-postgres-1 Waiting 
 Container episode-1-lost-update-postgres-1 Healthy 
 Container episode-1-lost-update-app-1 Starting 
 Container episode-1-lost-update-app-1 Started 
pricing latency = PRICING_BASE_MS + (sku_id * 137 + customer_id * 31) % PRICING_SPREAD_MS
60 240 
max optimistic retries = 5

orders=300 concurrency=25 stock=100
