LOCKS my-rr-cti engine=mysql isolation=repeatable-read scenario=count_then_insert
-- evidence only: the counts from this load are NOT the episode's numbers
-- sample 1 --
reservations	NULL	TABLE	IS	GRANTED	25
reservations	reservations_sku_idx	RECORD	S	GRANTED	25
96
-- sample 2 --
reservations	NULL	TABLE	IS	GRANTED	25
reservations	reservations_sku_idx	RECORD	S	GRANTED	25
reservations	NULL	TABLE	IX	GRANTED	21
reservations	reservations_sku_idx	RECORD	X,INSERT_INTENTION	WAITING	21
0
-- sample 3 --
reservations	reservations_sku_idx	RECORD	S	GRANTED	75
reservations	NULL	TABLE	IS	GRANTED	25
reservations	NULL	TABLE	IX	GRANTED	4
reservations	reservations_sku_idx	RECORD	X,INSERT_INTENTION	WAITING	4
312
-- sample 4 --
reservations	reservations_sku_idx	RECORD	S	GRANTED	100
reservations	NULL	TABLE	IS	GRANTED	25
reservations	NULL	TABLE	IX	GRANTED	9
reservations	reservations_sku_idx	RECORD	X,INSERT_INTENTION	WAITING	9
480
-- sample 5 --
reservations	reservations_sku_idx	RECORD	S	GRANTED	100
reservations	NULL	TABLE	IS	GRANTED	25
reservations	NULL	TABLE	IX	GRANTED	15
reservations	reservations_sku_idx	RECORD	X,INSERT_INTENTION	WAITING	15
480
-- sample 6 --
reservations	reservations_sku_idx	RECORD	S	GRANTED	100
reservations	NULL	TABLE	IS	GRANTED	25
reservations	NULL	TABLE	IX	GRANTED	20
reservations	reservations_sku_idx	RECORD	X,INSERT_INTENTION	WAITING	20
192
-- sample 7 --
reservations	reservations_sku_idx	RECORD	S	GRANTED	100
reservations	NULL	TABLE	IS	GRANTED	25
reservations	NULL	TABLE	IX	GRANTED	22
reservations	reservations_sku_idx	RECORD	X,INSERT_INTENTION	WAITING	22
168
-- sample 8 --
reservations	reservations_sku_idx	RECORD	S	GRANTED	100
reservations	NULL	TABLE	IS	GRANTED	25
reservations	NULL	TABLE	IX	GRANTED	18
reservations	reservations_sku_idx	RECORD	X,INSERT_INTENTION	WAITING	18
504
-- sample 9 --
