LOCKS my-rc-guard engine=mysql isolation=read-committed scenario=where_guard
-- evidence only: the counts from this load are NOT the episode's numbers
-- sample 1 --
0
-- sample 2 --
inventory	NULL	TABLE	IX	GRANTED	24
inventory	PRIMARY	RECORD	X,REC_NOT_GAP	WAITING	23
inventory	PRIMARY	RECORD	X,REC_NOT_GAP	GRANTED	1
276
-- sample 3 --
inventory	NULL	TABLE	IX	GRANTED	23
inventory	PRIMARY	RECORD	X,REC_NOT_GAP	WAITING	22
inventory	PRIMARY	RECORD	X,REC_NOT_GAP	GRANTED	1
276
-- sample 4 --
inventory	NULL	TABLE	IX	GRANTED	24
inventory	PRIMARY	RECORD	X,REC_NOT_GAP	WAITING	23
inventory	PRIMARY	RECORD	X,REC_NOT_GAP	GRANTED	1
276
-- sample 5 --
inventory	NULL	TABLE	IX	GRANTED	23
inventory	PRIMARY	RECORD	X,REC_NOT_GAP	WAITING	22
inventory	PRIMARY	RECORD	X,REC_NOT_GAP	GRANTED	1
276
-- sample 6 --
inventory	NULL	TABLE	IX	GRANTED	25
inventory	PRIMARY	RECORD	X,REC_NOT_GAP	WAITING	24
inventory	PRIMARY	RECORD	X,REC_NOT_GAP	GRANTED	1
276
-- sample 7 --
inventory	NULL	TABLE	IX	GRANTED	25
inventory	PRIMARY	RECORD	X,REC_NOT_GAP	WAITING	24
inventory	PRIMARY	RECORD	X,REC_NOT_GAP	GRANTED	1
276
-- sample 8 --
inventory	NULL	TABLE	IX	GRANTED	24
inventory	PRIMARY	RECORD	X,REC_NOT_GAP	WAITING	23
inventory	PRIMARY	RECORD	X,REC_NOT_GAP	GRANTED	1
276
-- sample 9 --
inventory	NULL	TABLE	IX	GRANTED	25
inventory	PRIMARY	RECORD	X,REC_NOT_GAP	WAITING	24
inventory	PRIMARY	RECORD	X,REC_NOT_GAP	GRANTED	1
300
-- sample 10 --
inventory	NULL	TABLE	IX	GRANTED	24
inventory	PRIMARY	RECORD	X,REC_NOT_GAP	WAITING	23
inventory	PRIMARY	RECORD	X,REC_NOT_GAP	GRANTED	1
276
-- sample 11 --
inventory	NULL	TABLE	IX	GRANTED	23
inventory	PRIMARY	RECORD	X,REC_NOT_GAP	WAITING	22
inventory	PRIMARY	RECORD	X,REC_NOT_GAP	GRANTED	1
300
-- sample 12 --
inventory	NULL	TABLE	IX	GRANTED	24
inventory	PRIMARY	RECORD	X,REC_NOT_GAP	WAITING	23
inventory	PRIMARY	RECORD	X,REC_NOT_GAP	GRANTED	1
276
-- sample 13 --
inventory	NULL	TABLE	IX	GRANTED	24
inventory	PRIMARY	RECORD	X,REC_NOT_GAP	WAITING	23
inventory	PRIMARY	RECORD	X,REC_NOT_GAP	GRANTED	1
276
-- sample 14 --
inventory	NULL	TABLE	IX	GRANTED	25
inventory	PRIMARY	RECORD	X,REC_NOT_GAP	WAITING	24
inventory	PRIMARY	RECORD	X,REC_NOT_GAP	GRANTED	1
300
-- sample 15 --
inventory	NULL	TABLE	IX	GRANTED	24
inventory	PRIMARY	RECORD	X,REC_NOT_GAP	WAITING	23
inventory	PRIMARY	RECORD	X,REC_NOT_GAP	GRANTED	1
276
-- sample 16 --
inventory	NULL	TABLE	IX	GRANTED	25
inventory	PRIMARY	RECORD	X,REC_NOT_GAP	WAITING	24
inventory	PRIMARY	RECORD	X,REC_NOT_GAP	GRANTED	1
276
-- sample 17 --
inventory	NULL	TABLE	IX	GRANTED	24
inventory	PRIMARY	RECORD	X,REC_NOT_GAP	WAITING	23
inventory	PRIMARY	RECORD	X,REC_NOT_GAP	GRANTED	1
276
-- sample 18 --
inventory	NULL	TABLE	IX	GRANTED	23
inventory	PRIMARY	RECORD	X,REC_NOT_GAP	WAITING	22
inventory	PRIMARY	RECORD	X,REC_NOT_GAP	GRANTED	1
300
-- sample 19 --
inventory	NULL	TABLE	IX	GRANTED	24
inventory	PRIMARY	RECORD	X,REC_NOT_GAP	WAITING	23
inventory	PRIMARY	RECORD	X,REC_NOT_GAP	GRANTED	1
276
-- sample 20 --
inventory	NULL	TABLE	IX	GRANTED	24
inventory	PRIMARY	RECORD	X,REC_NOT_GAP	WAITING	23
inventory	PRIMARY	RECORD	X,REC_NOT_GAP	GRANTED	1
276
-- sample 21 --
inventory	NULL	TABLE	IX	GRANTED	24
inventory	PRIMARY	RECORD	X,REC_NOT_GAP	WAITING	23
inventory	PRIMARY	RECORD	X,REC_NOT_GAP	GRANTED	1
276
-- sample 22 --
inventory	NULL	TABLE	IX	GRANTED	23
inventory	PRIMARY	RECORD	X,REC_NOT_GAP	WAITING	22
inventory	PRIMARY	RECORD	X,REC_NOT_GAP	GRANTED	1
276
-- sample 23 --
inventory	NULL	TABLE	IX	GRANTED	24
inventory	PRIMARY	RECORD	X,REC_NOT_GAP	WAITING	23
inventory	PRIMARY	RECORD	X,REC_NOT_GAP	GRANTED	1
276
-- sample 24 --
inventory	NULL	TABLE	IX	GRANTED	24
inventory	PRIMARY	RECORD	X,REC_NOT_GAP	WAITING	23
inventory	PRIMARY	RECORD	X,REC_NOT_GAP	GRANTED	1
276
-- sample 25 --
inventory	NULL	TABLE	IX	GRANTED	25
inventory	PRIMARY	RECORD	X,REC_NOT_GAP	WAITING	24
inventory	PRIMARY	RECORD	X,REC_NOT_GAP	GRANTED	1
253
-- sample 26 --
inventory	NULL	TABLE	IX	GRANTED	24
inventory	PRIMARY	RECORD	X,REC_NOT_GAP	WAITING	23
inventory	PRIMARY	RECORD	X,REC_NOT_GAP	GRANTED	1
276
-- sample 27 --
inventory	NULL	TABLE	IX	GRANTED	24
inventory	PRIMARY	RECORD	X,REC_NOT_GAP	WAITING	23
inventory	PRIMARY	RECORD	X,REC_NOT_GAP	GRANTED	1
300
-- sample 28 --
inventory	NULL	TABLE	IX	GRANTED	24
inventory	PRIMARY	RECORD	X,REC_NOT_GAP	WAITING	23
inventory	PRIMARY	RECORD	X,REC_NOT_GAP	GRANTED	1
276
-- sample 29 --
inventory	NULL	TABLE	IX	GRANTED	24
inventory	PRIMARY	RECORD	X,REC_NOT_GAP	WAITING	23
inventory	PRIMARY	RECORD	X,REC_NOT_GAP	GRANTED	1
276
-- sample 30 --
inventory	NULL	TABLE	IX	GRANTED	24
inventory	PRIMARY	RECORD	X,REC_NOT_GAP	WAITING	23
inventory	PRIMARY	RECORD	X,REC_NOT_GAP	GRANTED	1
276
-- sample 31 --
